******************************************************************************
                  TI ARM Linker PC v20.2.7                     
******************************************************************************
>> Linked Tue Dec  3 12:49:04 2024

OUTPUT FILE NAME:   <vehicle_diagnostics.out>
ENTRY POINT SYMBOL: "_c_int00_noargs"  address: 000004a1


MEMORY CONFIGURATION

         name            origin    length      used     unused   attr    fill
----------------------  --------  ---------  --------  --------  ----  --------
  FLASH                 00000000   00040000  00000518  0003fae8  R  X
  SRAM                  20000000   00008000  00000201  00007dff  RW X


SEGMENT ALLOCATION MAP

run origin  load origin   length   init length attrs members
----------  ----------- ---------- ----------- ----- -------
00000000    00000000    0000051c   0000051c    r-x
  00000000    00000000    0000026c   0000026c    r-- .intvecs
  0000026c    0000026c    00000298   00000298    r-x .text
  00000508    00000508    00000014   00000014    r-- .cinit
20000000    20000000    00000201   00000000    rw-
  20000000    20000000    00000200   00000000    rw- .stack
  20000200    20000200    00000001   00000000    rw- .bss


SECTION ALLOCATION MAP

 output                                  attributes/
section   page    origin      length       input sections
--------  ----  ----------  ----------   ----------------
.intvecs   0    00000000    0000026c     
                  00000000    0000026c     tm4c123gh6pm_startup_ccs.obj (.intvecs)

.text      0    0000026c    00000298     
                  0000026c    00000118     uart.obj (.text)
                  00000384    000000d8     main.obj (.text)
                  0000045c    00000044     rtsv7M4_T_le_v4SPD16_eabi.lib : autoinit.c.obj (.text:__TI_auto_init_nobinit_nopinit:__TI_auto_init_nobinit_nopinit)
                  000004a0    00000034                                   : boot_cortex_m.c.obj (.text:_c_int00_noargs:_c_int00_noargs)
                  000004d4    0000001c                                   : copy_zero_init.c.obj (.text:decompress:ZI:__TI_zero_init_nomemset:__TI_zero_init_nomemset)
                  000004f0    0000000c     tm4c123gh6pm_startup_ccs.obj (.text)
                  000004fc    00000004     rtsv7M4_T_le_v4SPD16_eabi.lib : pre_init.c.obj (.text:_system_pre_init)
                  00000500    00000004                                   : exit.c.obj (.text:abort:abort)

.cinit     0    00000508    00000014     
                  00000508    00000008     (.cinit..bss.load) [load image, compression = zero_init]
                  00000510    00000004     (__TI_handler_table)
                  00000514    00000008     (__TI_cinit_table)

.init_array 
*          0    00000000    00000000     UNINITIALIZED

.bss       0    20000200    00000001     UNINITIALIZED
                  20000200    00000001     (.common:receive)

.stack     0    20000000    00000200     UNINITIALIZED
                  20000000    00000004     rtsv7M4_T_le_v4SPD16_eabi.lib : boot_cortex_m.c.obj (.stack)
                  20000004    000001fc     --HOLE--

__llvm_prf_cnts 
*          0    20000000    00000000     UNINITIALIZED

MODULE SUMMARY

       Module                         code   ro data   rw data
       ------                         ----   -------   -------
    .\
       tm4c123gh6pm_startup_ccs.obj   12     620       0      
       main.obj                       216    0         1      
    +--+------------------------------+------+---------+---------+
       Total:                         228    620       1      
                                                              
    .\src\
       uart.obj                       280    0         0      
    +--+------------------------------+------+---------+---------+
       Total:                         280    0         0      
                                                              
    C:\ti\ccs1281\ccs\tools\compiler\ti-cgt-arm_20.2.7.LTS\lib\rtsv7M4_T_le_v4SPD16_eabi.lib
       autoinit.c.obj                 68     0         0      
       boot_cortex_m.c.obj            52     0         0      
       copy_zero_init.c.obj           28     0         0      
       exit.c.obj                     4      0         0      
       pre_init.c.obj                 4      0         0      
    +--+------------------------------+------+---------+---------+
       Total:                         156    0         0      
                                                              
       Stack:                         0      0         512    
       Linker Generated:              0      20        0      
    +--+------------------------------+------+---------+---------+
       Grand Total:                   664    640       513    


LINKER GENERATED COPY TABLES

__TI_cinit_table @ 00000514 records: 1, size/record: 8, table size: 8
	.bss: load addr=00000508, load size=00000008 bytes, run addr=20000200, run size=00000001 bytes, compression=zero_init


LINKER GENERATED HANDLER TABLE

__TI_handler_table @ 00000510 records: 1, size/record: 4, table size: 4
	index: 0, handler: __TI_zero_init


GLOBAL SYMBOLS: SORTED ALPHABETICALLY BY Name 

address   name                          
-------   ----                          
00000501  C$$EXIT                       
000003a3  Leds_Init                     
000004f1  ResetISR                      
00000385  SysTick_Init                  
20000200  __STACK_END                   
00000200  __STACK_SIZE                  
20000200  __STACK_TOP                   
00000514  __TI_CINIT_Base               
0000051c  __TI_CINIT_Limit              
00000510  __TI_Handler_Table_Base       
00000514  __TI_Handler_Table_Limit      
0000045d  __TI_auto_init_nobinit_nopinit
ffffffff  __TI_pprof_out_hndl           
ffffffff  __TI_prof_data_size           
ffffffff  __TI_prof_data_start          
00000000  __TI_static_base__            
000004d5  __TI_zero_init_nomemset       
ffffffff  __binit__                     
ffffffff  __c_args__                    
UNDEFED   __mpu_init                    
20000000  __stack                       
20000000  __start___llvm_prf_cnts       
20000000  __stop___llvm_prf_cnts        
000004a1  _c_int00_noargs               
UNDEFED   _system_post_cinit            
000004fd  _system_pre_init              
00000501  abort                         
ffffffff  binit                         
00000000  g_pfnVectors                  
000003e1  main                          
20000200  receive                       
000002b3  uart_init                     
0000028d  uart_receive                  
0000026d  uart_send                     


GLOBAL SYMBOLS: SORTED BY Symbol Address 

address   name                          
-------   ----                          
00000000  __TI_static_base__            
00000000  g_pfnVectors                  
00000200  __STACK_SIZE                  
0000026d  uart_send                     
0000028d  uart_receive                  
000002b3  uart_init                     
00000385  SysTick_Init                  
000003a3  Leds_Init                     
000003e1  main                          
0000045d  __TI_auto_init_nobinit_nopinit
000004a1  _c_int00_noargs               
000004d5  __TI_zero_init_nomemset       
000004f1  ResetISR                      
000004fd  _system_pre_init              
00000501  C$$EXIT                       
00000501  abort                         
00000510  __TI_Handler_Table_Base       
00000514  __TI_CINIT_Base               
00000514  __TI_Handler_Table_Limit      
0000051c  __TI_CINIT_Limit              
20000000  __stack                       
20000000  __start___llvm_prf_cnts       
20000000  __stop___llvm_prf_cnts        
20000200  __STACK_END                   
20000200  __STACK_TOP                   
20000200  receive                       
ffffffff  __TI_pprof_out_hndl           
ffffffff  __TI_prof_data_size           
ffffffff  __TI_prof_data_start          
ffffffff  __binit__                     
ffffffff  __c_args__                    
ffffffff  binit                         
UNDEFED   __mpu_init                    
UNDEFED   _system_post_cinit            

[34 symbols]
